Received Data: Array
(
    [student_id] => 03-2324-031508
    [email] => your_emaiiil@example.com
    [password] => hahaha1
    [confirm_password] => hahaha1
)

Received Data: Array
(
    [student_id] => 03-2324-031508
    [email] => your_emaiiil@example.com
    [password] => hahaha1
    [confirm_password] => hahaha1
)

Received Data: Array
(
    [student_id] => 03-2324-031508
    [email] => your_emaiiil@example.com
    [password] => hahaha1
    [confirm_password] => hahaha1
)

Received Data: Array
(
    [student_id] => 03-2324-031508
    [email] => your_emaiiil@example.com
    [password] => hahaha1
    [confirm_password] => hahaha1
)

Received Data: Array
(
    [student_id] => 03-2324-031508
    [email] => your_emaiiil@example.com
    [password] => hahaha1
    [confirm_password] => hahaha1
)

Received Data: Array
(
    [student_id] => 03-2324-031508
    [email] => your_emaiiil@example.com
    [password] => hahaha1
    [confirm_password] => hahaha1
)

Received Data: Array
(
    [student_id] => 03-2324-031508
    [email] => your_emaiiil@example.com
    [password] => hahaha1
    [confirm_password] => hahaha1
)

Received Data: Array
(
    [student_id] => 03-2324-031508
    [email] => your_emaiiil@example.com
    [password] => hahaha1
    [confirm_password] => hahaha1
)

